// Jest Snapshot v1, https://goo.gl/fbAQLP

exports[`Apresentação do 'Splash' 1`] = `undefined`;
