// Jest Snapshot v1, https://goo.gl/fbAQLP

exports[`Mensagem aninhada 1`] = `undefined`;
